------------------------------------------------------------------------------------------------------------------------------------
      name:  <unnamed>
       log:  /Users/juansolon/Documents/GitHub/sampa-radio/log/figures.log
  log type:  text
 opened on:  20 Mar 2025, 18:26:06

. 
. putdocx clear

. 
end of do-file

. do "/var/folders/lh/z7glx7t90sxdbn12r3xcjr7h0000gq/T//SD77831.000000"

. gr bar fecal_elastase, over(ever_mal)

. 
end of do-file

. do "/var/folders/lh/z7glx7t90sxdbn12r3xcjr7h0000gq/T//SD77831.000000"

. 
. 
. clear

. 
. // See github page to check if there are version differences between SSC and GitHub
. 
. // install from ssc
. *ssc install schemepack, replace
. 
. // OR install from GitHub 
. *net install schemepack, from("https://raw.githubusercontent.com/asjadnaqvi/stata-schemepack/main/installation/") replace
. 
. // read the data
. use "https://github.com/asjadnaqvi/Stata-schemes/blob/main/scheme_test.dta?raw=true", clear
file https://github.com/asjadnaqvi/Stata-schemes/blob/main/scheme_test.dta?raw=true not found
r(601);

end of do-file

r(601);

. do "/var/folders/lh/z7glx7t90sxdbn12r3xcjr7h0000gq/T//SD77831.000000"

. use https://github.com/asjadnaqvi/stata-schemepack/blob/main/data/scheme_test.dta?raw=true", clear
=exp not allowed
r(101);

end of do-file

r(101);

. do "/var/folders/lh/z7glx7t90sxdbn12r3xcjr7h0000gq/T//SD77831.000000"

. use https://github.com/asjadnaqvi/stata-schemepack/blob/main/data/scheme_test.dta, clear
file https://github.com/asjadnaqvi/stata-schemepack/blob/main/data/scheme_test.dta not Stata format
r(610);

end of do-file

r(610);

. do "/var/folders/lh/z7glx7t90sxdbn12r3xcjr7h0000gq/T//SD77831.000000"

. use https://github.com/asjadnaqvi/stata-schemepack/blob/main/data/scheme_test.dta?raw=true", clear
=exp not allowed
r(101);

end of do-file

r(101);

. do "/var/folders/lh/z7glx7t90sxdbn12r3xcjr7h0000gq/T//SD77831.000000"

. use https://github.com/asjadnaqvi/stata-schemepack/blob/main/data/scheme_test.dta?raw=true, clear
=exp not allowed
r(101);

end of do-file

r(101);

. do "/var/folders/lh/z7glx7t90sxdbn12r3xcjr7h0000gq/T//SD77831.000000"

. stata -b "use https://github.com/asjadnaqvi/stata-schemepack/blob/main/data/scheme_test.dta?raw=true, clear"
command stata is unrecognized
r(199);

end of do-file

r(199);

. do "/var/folders/lh/z7glx7t90sxdbn12r3xcjr7h0000gq/T//SD77831.000000"

. use https://github.com/asjadnaqvi/stata-schemepack/blob/main/data/scheme_test.dta?raw=true, clear
=exp not allowed
r(101);

end of do-file

r(101);

. do "/var/folders/lh/z7glx7t90sxdbn12r3xcjr7h0000gq/T//SD77831.000000"

. use https://raw.githubusercontent.com/asjadnaqvi/stata-schemepack/main/data/scheme_test.dta, clear

. 
end of do-file

. d

Contains data from https://raw.githubusercontent.com/asjadnaqvi/stata-schemepack/main/data/scheme_test.dta
 Observations:         1,530                  
    Variables:            19                  6 Apr 2021 20:58
------------------------------------------------------------------------------------------------------------------------------------
Variable      Storage   Display    Value
    name         type    format    label      Variable label
------------------------------------------------------------------------------------------------------------------------------------
date            int     %td..                 Date
group           byte    %14.0g     group      
var1            float   %9.0g                 
var2            float   %9.0g                 
var3            float   %9.0g                 
var4            float   %9.0g                 
var5            float   %9.0g                 
var6            float   %9.0g                 
var7            int     %9.0g                 
var8            float   %9.0g                 
var9            float   %9.0g                 
temp1           float   %9.0g                 
temp2           int     %9.0g                 
den1d           double  %10.0g                density: var3
den1x           double  %10.0g                var3
gen2d           double  %10.0g                density: temp1
gen2x           double  %10.0g                temp1
gen3d           double  %10.0g                density: temp2
gen3x           double  %10.0g                temp2
------------------------------------------------------------------------------------------------------------------------------------
Sorted by: 

. do "/var/folders/lh/z7glx7t90sxdbn12r3xcjr7h0000gq/T//SD77831.000000"

. set scheme gg_tableau

. 
end of do-file

. do "/var/folders/lh/z7glx7t90sxdbn12r3xcjr7h0000gq/T//SD77831.000000"

. twoway ///
>         (scatter var2 date if group==1) ///
>         (scatter var2 date if group==2) ///
>         (scatter var2 date if group==3) ///
>         (scatter var2 date if group==4) ///
>         (scatter var2 date if group==5) ///
>         (scatter var2 date if group==6) ///
>         (scatter var2 date if group==7) ///
>         (scatter var2 date if group==8) ///
>         (scatter var2 date if group==9) ///
>         (scatter var2 date if group==10) ///
>         (scatter var2 date if group==11) ///
>         (scatter var2 date if group==12) ///
>         , ///
>                 legend(order(1 "group1" 2 "group2" 3 "group3"  4 "group4"  5 "group5" 6 "group6" 7 "group7" 8 "group8" 9 "group9" 
> 10 "group10" 11 "group11" 12 "group12")) ///
>                 title("Scatter plot") ///
>                 note("By the Stata Guide") 

. 
end of do-file

. do "/var/folders/lh/z7glx7t90sxdbn12r3xcjr7h0000gq/T//SD77831.000000"

. graph box ///
>         var* ///
>                 , ///
>                 title("Box plot") ///
>                 note("The Stata Guide", size(vsmall)) 

. 
end of do-file

. do "/var/folders/lh/z7glx7t90sxdbn12r3xcjr7h0000gq/T//SD77831.000000"

. 
. *** Confidence bands
.         
. twoway ///
>         (lpolyci var1 var9, fcolor(%80)) ///
>         (lpolyci var2 var9, fcolor(%80)) ///
>         (lpolyci var3 var9, fcolor(%80)) ///
>                 , ///
>                 title("Confidence Interval") ///
>                 note("The Stata Guide", size(vsmall)) 

. 
end of do-file

. do "/var/folders/lh/z7glx7t90sxdbn12r3xcjr7h0000gq/T//SD77831.000000"

. set scheme white_tableau

. 
end of do-file

. do "/var/folders/lh/z7glx7t90sxdbn12r3xcjr7h0000gq/T//SD77831.000000"

. 
. graph bar ///
>         var* ///
>                 , ///
>                 blabel(bar, format(%9.2f)) ///
>                 title("Bar graph") ///
>                 note("The Stata Guide", size(vsmall)) 

. 
end of do-file

. do "/var/folders/lh/z7glx7t90sxdbn12r3xcjr7h0000gq/T//SD77831.000000"

. set scheme tab2

. 
end of do-file

. do "/var/folders/lh/z7glx7t90sxdbn12r3xcjr7h0000gq/T//SD77831.000000"

. graph bar ///
>         var* ///
>                 , ///
>                 blabel(bar, format(%9.2f)) ///
>                 title("Bar graph") ///
>                 note("The Stata Guide", size(vsmall)) 

. 
end of do-file

. do "/var/folders/lh/z7glx7t90sxdbn12r3xcjr7h0000gq/T//SD77831.000000"

. set scheme tab2

. gr bar fecal_elastase, over(ever_mal)
variable ever_mal not found
r(111);

end of do-file

r(111);

. do "/var/folders/lh/z7glx7t90sxdbn12r3xcjr7h0000gq/T//SD77831.000000"

. 
. **# Create Study Dataset for Analysis
. version 18.5

. 
. *CLEAR
. clear all

. set more off

. 
. capture log close
